// Jest Snapshot v1, https://goo.gl/fbAQLP

exports[`check Calculator renders correctly 1`] = `
<div
  className="main-container"
>
  <div
    id="header"
  >
    <h1>
      Let's do some math!
    </h1>
  </div>
  <div
    className="calculator"
  >
    <div
      id="calculator-display"
    >
      0
    </div>
    <button
      className="calculator-key"
      id="key-clear"
      onClick={[Function]}
      type="button"
    >
      AC
    </button>
    <button
      className="calculator-key"
      id="key-sign"
      onClick={[Function]}
      type="button"
    >
      +/-
    </button>
    <button
      className="calculator-key"
      id="key-percent"
      onClick={[Function]}
      type="button"
    >
      %
    </button>
    <button
      className="calculator-key orange-key"
      id="key-division"
      onClick={[Function]}
      type="button"
    >
      รท
    </button>
    <button
      className="calculator-key"
      id="key-7"
      onClick={[Function]}
      type="button"
    >
      7
    </button>
    <button
      className="calculator-key"
      id="key-8"
      onClick={[Function]}
      type="button"
    >
      8
    </button>
    <button
      className="calculator-key"
      id="key-9"
      onClick={[Function]}
      type="button"
    >
      9
    </button>
    <button
      className="calculator-key orange-key"
      id="key-multiply"
      onClick={[Function]}
      type="button"
    >
      x
    </button>
    <button
      className="calculator-key"
      id="key-4"
      onClick={[Function]}
      type="button"
    >
      4
    </button>
    <button
      className="calculator-key"
      id="key-5"
      onClick={[Function]}
      type="button"
    >
      5
    </button>
    <button
      className="calculator-key"
      id="key-6"
      onClick={[Function]}
      type="button"
    >
      6
    </button>
    <button
      className="calculator-key orange-key"
      id="key-minus"
      onClick={[Function]}
      type="button"
    >
      -
    </button>
    <button
      className="calculator-key"
      id="key-1"
      onClick={[Function]}
      type="button"
    >
      1
    </button>
    <button
      className="calculator-key"
      id="key-2"
      onClick={[Function]}
      type="button"
    >
      2
    </button>
    <button
      className="calculator-key"
      id="key-3"
      onClick={[Function]}
      type="button"
    >
      3
    </button>
    <button
      className="calculator-key orange-key"
      id="key-plus"
      onClick={[Function]}
      type="button"
    >
      +
    </button>
    <button
      className="calculator-key"
      id="key-0"
      onClick={[Function]}
      type="button"
    >
      0
    </button>
    <button
      className="calculator-key"
      id="key-dot"
      onClick={[Function]}
      type="button"
    >
      .
    </button>
    <button
      className="calculator-key orange-key"
      id="key-equals"
      onClick={[Function]}
      type="button"
    >
      =
    </button>
  </div>
</div>
`;

exports[`check Navbar renders correctly 1`] = `
<nav>
  <h1>
    Math Magicians
    <span>
       
    </span>
  </h1>
  <ul
    className="navLink"
  >
    <li
      className="navItem"
    >
      <a
        href="/"
        onClick={[Function]}
      >
        <span>
          Home
        </span>
      </a>
    </li>
    <span>
      |
    </span>
    <li
      className="navItem"
    >
      <a
        href="/calculator"
        onClick={[Function]}
      >
        Calculator
      </a>
    </li>
    <span>
      |
    </span>
    <li
      className="navItem"
    >
      <a
        href="/quote"
        onClick={[Function]}
      >
        Quote
      </a>
    </li>
  </ul>
</nav>
`;
