// Jest Snapshot v1, https://goo.gl/fbAQLP

exports[`check Quote renders correctly 1`] = `
<section
  className="quote"
>
  <p>
    Mathematics is not about numbers, equations, computations, or algorithms: it is about understanding.
  </p>
  <p>
    - William Paul Thurston
  </p>
</section>
`;
